// Jest Snapshot v1, https://goo.gl/fbAQLP

exports[`gardener-dashboard-terminal-bootstrapper serviceaccount should render the template 1`] = `
Object {
  "apiVersion": "v1",
  "kind": "ServiceAccount",
  "metadata": Object {
    "labels": Object {
      "app": "gardener-dashboard",
      "chart": "application-0.1.0",
      "heritage": "Helm",
      "release": "application",
      "role": "terminal-bootstrapper",
    },
    "name": "gardener-dashboard-terminal-bootstrapper",
    "namespace": "garden",
  },
}
`;
