// Jest Snapshot v1, https://goo.gl/fbAQLP

exports[`gardener-dashboard deployment should render the template with default values 1`] = `
Object {
  "apiVersion": "apps/v1",
  "kind": "Deployment",
  "metadata": Object {
    "labels": Object {
      "app": "gardener-dashboard",
      "chart": "gardener-dashboard-0.2.0",
      "heritage": "Helm",
      "release": "dashboard",
    },
    "name": "gardener-dashboard",
    "namespace": "garden",
  },
  "spec": Object {
    "replicas": 1,
    "selector": Object {
      "matchLabels": Object {
        "app": "gardener-dashboard",
        "release": "dashboard",
      },
    },
    "template": Object {
      "metadata": Object {
        "annotations": Object {
          "checksum/configmap-gardener-dashboard-config": StringMatching /\\[0-9a-f\\]\\{64\\}/,
          "checksum/secret-gardener-dashboard-oidc": StringMatching /\\[0-9a-f\\]\\{64\\}/,
          "checksum/secret-gardener-dashboard-sessionSecret": StringMatching /\\[0-9a-f\\]\\{64\\}/,
        },
        "labels": Object {
          "app": "gardener-dashboard",
          "release": "dashboard",
        },
      },
      "spec": Object {
        "containers": Array [
          Object {
            "args": Array [
              "/etc/gardener-dashboard/config.yaml",
            ],
            "env": Array [
              Object {
                "name": "SESSION_SECRET",
                "valueFrom": Object {
                  "secretKeyRef": Object {
                    "key": "keyValue",
                    "name": "gardener-dashboard-sessionsecret",
                  },
                },
              },
              Object {
                "name": "OIDC_CLIENT_ID",
                "valueFrom": Object {
                  "secretKeyRef": Object {
                    "key": "client_id",
                    "name": "gardener-dashboard-oidc",
                  },
                },
              },
              Object {
                "name": "OIDC_CLIENT_SECRET",
                "valueFrom": Object {
                  "secretKeyRef": Object {
                    "key": "client_secret",
                    "name": "gardener-dashboard-oidc",
                  },
                },
              },
            ],
            "image": "eu.gcr.io/gardener-project/gardener/dashboard:1.26.0-dev-4d529c1",
            "imagePullPolicy": "Always",
            "livenessProbe": Object {
              "failureThreshold": 6,
              "initialDelaySeconds": 15,
              "periodSeconds": 20,
              "successThreshold": 1,
              "tcpSocket": Object {
                "port": "http",
              },
              "timeoutSeconds": 5,
            },
            "name": "gardener-dashboard",
            "ports": Array [
              Object {
                "containerPort": 8080,
                "name": "http",
                "protocol": "TCP",
              },
            ],
            "readinessProbe": Object {
              "failureThreshold": 6,
              "httpGet": Object {
                "path": "/healthz",
                "port": "http",
              },
              "initialDelaySeconds": 5,
              "periodSeconds": 10,
              "successThreshold": 1,
              "timeoutSeconds": 5,
            },
            "resources": Object {
              "limits": Object {
                "cpu": "250m",
                "memory": "300Mi",
              },
              "requests": Object {
                "cpu": "100m",
                "memory": "120Mi",
              },
            },
            "volumeMounts": Array [
              Object {
                "mountPath": "/etc/gardener-dashboard",
                "name": "gardener-dashboard-config",
              },
            ],
          },
        ],
        "restartPolicy": "Always",
        "serviceAccountName": "gardener-dashboard",
        "volumes": Array [
          Object {
            "configMap": Object {
              "defaultMode": 420,
              "items": Array [
                Object {
                  "key": "config.yaml",
                  "path": "config.yaml",
                },
              ],
              "name": "gardener-dashboard-configmap",
            },
            "name": "gardener-dashboard-config",
          },
        ],
      },
    },
  },
}
`;
