// Jest Snapshot v1, https://goo.gl/fbAQLP

exports[`gardener-dashboard clusterrole should render the template with default values 1`] = `
Object {
  "apiVersion": "rbac.authorization.k8s.io/v1",
  "kind": "ClusterRole",
  "metadata": Object {
    "labels": Object {
      "app": "gardener-dashboard",
      "chart": "application-0.1.0",
      "heritage": "Helm",
      "release": "application",
    },
    "name": "gardener.cloud:system:dashboard",
  },
  "rules": Array [
    Object {
      "apiGroups": Array [
        "authentication.k8s.io",
      ],
      "resources": Array [
        "tokenreviews",
      ],
      "verbs": Array [
        "create",
      ],
    },
    Object {
      "apiGroups": Array [
        "core.gardener.cloud",
      ],
      "resources": Array [
        "quotas",
      ],
      "verbs": Array [
        "list",
        "watch",
      ],
    },
    Object {
      "apiGroups": Array [
        "core.gardener.cloud",
      ],
      "resources": Array [
        "projects",
      ],
      "verbs": Array [
        "list",
        "watch",
      ],
    },
    Object {
      "apiGroups": Array [
        "core.gardener.cloud",
      ],
      "resources": Array [
        "shoots",
      ],
      "verbs": Array [
        "list",
        "watch",
      ],
    },
    Object {
      "apiGroups": Array [
        "apiregistration.k8s.io",
      ],
      "resources": Array [
        "apiservices",
      ],
      "verbs": Array [
        "get",
      ],
    },
    Object {
      "apiGroups": Array [
        "core.gardener.cloud",
      ],
      "resources": Array [
        "controllerregistrations",
      ],
      "verbs": Array [
        "list",
        "watch",
      ],
    },
    Object {
      "apiGroups": Array [
        "",
      ],
      "resourceNames": Array [
        "cluster-identity",
      ],
      "resources": Array [
        "configmaps",
      ],
      "verbs": Array [
        "get",
      ],
    },
    Object {
      "apiGroups": Array [
        "",
      ],
      "resources": Array [
        "secrets",
      ],
      "verbs": Array [
        "get",
      ],
    },
    Object {
      "apiGroups": Array [
        "core.gardener.cloud",
      ],
      "resources": Array [
        "shoots",
      ],
      "verbs": Array [
        "get",
      ],
    },
  ],
}
`;
