// Jest Snapshot v1, https://goo.gl/fbAQLP

exports[`gardener-dashboard serviceaccount virtual garden should render the template 1`] = `
Object {
  "apiVersion": "v1",
  "kind": "ServiceAccount",
  "metadata": Object {
    "labels": Object {
      "app": "gardener-dashboard",
      "chart": "runtime-0.1.0",
      "heritage": "Helm",
      "release": "runtime",
    },
    "name": "gardener-dashboard",
    "namespace": "garden",
  },
}
`;
