// Jest Snapshot v1, https://goo.gl/fbAQLP

exports[`identity configmap should render the template w/ defaults values 1`] = `
{
  "apiVersion": "v1",
  "kind": "ConfigMap",
  "metadata": {
    "name": "identity-configmap",
    "namespace": "garden",
  },
}
`;

exports[`identity configmap should render the template w/ defaults values 2`] = `
{
  "connectors": [
    {
      "config": {
        "caData": "LS0tLS1CRUdJTiBDRVJUSUZJQ0FURS0tLS0tCkxpNHUKLS0tLS1FTkQgQ0VSVElGSUNBVEUtLS0tLQ==",
        "emailAttr": "email",
        "entityIssuer": "identity.ingress.example.org",
        "groupsAttr": "groups",
        "nameIDPolicyFormat": "unspecified",
        "redirectURI": "https://identity.ingress.example.org/callback",
        "ssoIssuer": "saml.example.org",
        "ssoURL": "https://saml.example.org/sso",
        "usernameAttr": "name",
      },
      "id": "saml",
      "name": "SAML",
      "type": "saml",
    },
  ],
  "enablePasswordDB": false,
  "issuer": "https://identity.ingress.example.org",
  "oauth2": {
    "responseTypes": [
      "token",
      "code",
      "id_token",
    ],
    "skipApprovalScreen": true,
  },
  "staticClients": [
    {
      "id": "dashboard",
      "name": "Gardener Dashboard",
      "redirectURIs": [
        "https://dashboard.garden.example.org/auth/callback",
        "https://dashboard.ingress.garden.example.org/auth/callback",
        "http://localhost:8080/auth/callback",
      ],
      "secret": "sHq4vLoiQcIWbO3h",
    },
    {
      "id": "kube-kubectl",
      "name": "Kubectl",
      "public": true,
      "secret": "if6ji0dTFE4rQfj8",
      "trustedPeers": [
        "dashboard",
      ],
    },
  ],
  "staticPasswords": [],
  "storage": {
    "config": {
      "inCluster": true,
    },
    "type": "kubernetes",
  },
  "web": {
    "allowedOrigins": [
      "https://dashboard.garden.example.org",
      "https://dashboard.ingress.garden.example.org",
      "http://localhost:8080",
    ],
    "http": "0.0.0.0:5556",
  },
}
`;
