// Jest Snapshot v1, https://goo.gl/fbAQLP

exports[`gardener-dashboard service should render the template 1`] = `
{
  "apiVersion": "v1",
  "kind": "Service",
  "metadata": {
    "labels": {
      "app.kubernetes.io/component": "dashboard",
      "app.kubernetes.io/instance": "gardener-dashboard",
      "app.kubernetes.io/managed-by": "Helm",
      "app.kubernetes.io/name": "gardener-dashboard",
      "helm.sh/chart": "gardener-dashboard-runtime-0.1.0",
    },
    "name": "gardener-dashboard-service",
    "namespace": "garden",
  },
  "spec": {
    "ports": [
      {
        "name": "http",
        "port": 8080,
        "protocol": "TCP",
        "targetPort": 8080,
      },
    ],
    "selector": {
      "app.kubernetes.io/component": "dashboard",
      "app.kubernetes.io/name": "gardener-dashboard",
    },
    "sessionAffinity": "ClientIP",
    "type": "ClusterIP",
  },
}
`;
