// Jest Snapshot v1, https://goo.gl/fbAQLP

exports[`api cloudprofiles should return all cloudprofiles 1`] = `
Array [
  Array [
    Object {
      ":authority": "kubernetes:6443",
      ":method": "post",
      ":path": "/apis/authorization.k8s.io/v1/selfsubjectaccessreviews",
      ":scheme": "https",
      "authorization": "Bearer eyJhbGciOiJIUzI1NiIsInR5cCI6IkpXVCJ9.eyJpZCI6ImpvaG4uZG9lQGV4YW1wbGUub3JnIiwiaWF0IjoxNTc3ODM2ODAwLCJhdWQiOlsiZ2FyZGVuZXIiXSwiZXhwIjozMTU1NzE2ODAwLCJqdGkiOiJqdGkifQ.LkQ9PEN893UNTsZZn2Ux_CAYNOoQ2ISboWuHiAc5HHU",
    },
    Object {
      "apiVersion": "authorization.k8s.io/v1",
      "kind": "SelfSubjectAccessReview",
      "spec": Object {
        "nonResourceAttributes": undefined,
        "resourceAttributes": Object {
          "group": "core.gardener.cloud",
          "resource": "cloudprofiles",
          "verb": "list",
        },
      },
    },
  ],
]
`;

exports[`api cloudprofiles should return all cloudprofiles 2`] = `
Array [
  Object {
    "data": Object {
      "kubernetes": Object {
        "versions": Array [
          Object {
            "version": "1.9.0",
          },
          Object {
            "version": "1.8.5",
          },
        ],
      },
      "seedNames": Array [
        "infra1-seed",
        "infra1-seed2",
        "infra4-seed-without-secretRef",
      ],
      "seedSelector": Object {},
      "type": "infra1",
    },
    "metadata": Object {
      "cloudProviderKind": "infra1",
      "displayName": "infra1-profileName",
      "name": "infra1-profileName",
    },
  },
  Object {
    "data": Object {
      "kubernetes": Object {
        "versions": Array [
          Object {
            "version": "1.9.0",
          },
          Object {
            "version": "1.8.5",
          },
        ],
      },
      "seedNames": Array [
        "infra3-seed",
        "infra3-seed-with-selector",
      ],
      "seedSelector": Object {
        "providerTypes": Array [
          "infra2",
          "infra3",
        ],
      },
      "type": "infra1",
    },
    "metadata": Object {
      "cloudProviderKind": "infra1",
      "displayName": "infra1-profileName2",
      "name": "infra1-profileName2",
    },
  },
  Object {
    "data": Object {
      "kubernetes": Object {
        "versions": Array [
          Object {
            "version": "1.9.0",
          },
          Object {
            "version": "1.8.5",
          },
        ],
      },
      "seedNames": Array [
        "infra3-seed-with-selector",
      ],
      "seedSelector": Object {
        "matchLabels": Object {
          "foo": "bar",
        },
      },
      "type": "infra3",
    },
    "metadata": Object {
      "cloudProviderKind": "infra3",
      "displayName": "infra3-profileName",
      "name": "infra3-profileName",
    },
  },
  Object {
    "data": Object {
      "kubernetes": Object {
        "versions": Array [
          Object {
            "version": "1.9.0",
          },
          Object {
            "version": "1.8.5",
          },
        ],
      },
      "seedNames": Array [
        "infra3-seed",
        "infra3-seed-with-selector",
      ],
      "seedSelector": Object {},
      "type": "infra3",
    },
    "metadata": Object {
      "cloudProviderKind": "infra3",
      "displayName": "infra3-profileName2",
      "name": "infra3-profileName2",
    },
  },
]
`;
