// Jest Snapshot v1, https://goo.gl/fbAQLP

exports[`api user should return information about the user 1`] = `
Array [
  Array [
    Object {
      ":authority": "kubernetes:6443",
      ":method": "post",
      ":path": "/apis/authorization.k8s.io/v1/selfsubjectaccessreviews",
      ":scheme": "https",
      "authorization": "Bearer eyJhbGciOiJIUzI1NiIsInR5cCI6IkpXVCJ9.eyJpZCI6ImJhckBleGFtcGxlLm9yZyIsImlhdCI6MTU3NzgzNjgwMCwiYXVkIjpbImdhcmRlbmVyIl0sImV4cCI6MzE1NTcxNjgwMCwianRpIjoianRpIn0.7WKy0sNVkJzIqh3QJIF1zk3QjzwFe_zMTv8PmnOCsxg",
    },
    Object {
      "apiVersion": "authorization.k8s.io/v1",
      "kind": "SelfSubjectAccessReview",
      "spec": Object {
        "nonResourceAttributes": undefined,
        "resourceAttributes": Object {
          "group": "",
          "resource": "secrets",
          "verb": "get",
        },
      },
    },
  ],
]
`;

exports[`api user should return information about the user 2`] = `
Object {
  "isAdmin": false,
}
`;

exports[`api user should return selfsubjectrules for the user 1`] = `
Array [
  Array [
    Object {
      ":authority": "kubernetes:6443",
      ":method": "post",
      ":path": "/apis/authorization.k8s.io/v1/selfsubjectrulesreviews",
      ":scheme": "https",
      "authorization": "Bearer eyJhbGciOiJIUzI1NiIsInR5cCI6IkpXVCJ9.eyJpZCI6ImJhckBleGFtcGxlLm9yZyIsImlhdCI6MTU3NzgzNjgwMCwiYXVkIjpbImdhcmRlbmVyIl0sImV4cCI6MzE1NTcxNjgwMCwianRpIjoianRpIn0.7WKy0sNVkJzIqh3QJIF1zk3QjzwFe_zMTv8PmnOCsxg",
    },
    Object {
      "apiVersion": "authorization.k8s.io/v1",
      "kind": "SelfSubjectRulesReview",
      "spec": Object {
        "namespace": "garden-foo",
      },
    },
  ],
]
`;

exports[`api user should return selfsubjectrules for the user 2`] = `
Object {
  "incomplete": false,
  "nonResourceRules": Array [],
  "resourceRules": Array [
    Object {
      "apiGroups": Array [
        "core.gardener.cloud",
      ],
      "resourceName": Array [
        "foo",
      ],
      "resources": Array [
        "projects",
      ],
      "verbs": Array [
        "get",
      ],
    },
    Object {
      "apiGroups": Array [
        "core.gardener.cloud",
      ],
      "resources": Array [
        "projects",
      ],
      "verbs": Array [
        "create",
      ],
    },
  ],
}
`;

exports[`api user should return the bearer token of the user 1`] = `
Object {
  "token": "eyJhbGciOiJIUzI1NiIsInR5cCI6IkpXVCJ9.eyJpZCI6ImJhckBleGFtcGxlLm9yZyIsImlhdCI6MTU3NzgzNjgwMCwiYXVkIjpbImdhcmRlbmVyIl0sImV4cCI6MzE1NTcxNjgwMCwianRpIjoianRpIn0.7WKy0sNVkJzIqh3QJIF1zk3QjzwFe_zMTv8PmnOCsxg",
}
`;

exports[`api user should return the kubeconfig data the user 1`] = `
Object {
  "certificateAuthorityData": "LS0tLS1CRUdJTiBDRVJUSUZJQ0FURS0tLS0tCkxpNHUKLS0tLS1FTkQgQ0VSVElGSUNBVEUtLS0tLQ==",
  "oidc": Object {
    "certificateAuthorityData": "LS0tLS1CRUdJTiBDRVJUSUZJQ0FURS0tLS0tCkxpNHUKLS0tLS1FTkQgQ0VSVElGSUNBVEUtLS0tLQ==",
    "clientId": "kube-kubectl",
    "clientSecret": "6b7562652d6b75626563746c2d736563726574",
    "extraScopes": Array [
      "email",
      "profile",
      "groups",
    ],
    "issuerUrl": "https://kubernetes:32001",
  },
  "server": "https://kubernetes.external.foo.bar",
}
`;
