// Jest Snapshot v1, https://goo.gl/fbAQLP

exports[`gardener-dashboard clusterrole should render the template with default values 1`] = `
{
  "apiVersion": "rbac.authorization.k8s.io/v1",
  "kind": "ClusterRole",
  "metadata": {
    "labels": {
      "app.kubernetes.io/component": "dashboard",
      "app.kubernetes.io/instance": "gardener-dashboard",
      "app.kubernetes.io/managed-by": "Helm",
      "app.kubernetes.io/name": "gardener-dashboard",
      "helm.sh/chart": "gardener-dashboard-application-0.1.0",
    },
    "name": "gardener.cloud:system:dashboard",
  },
  "rules": [
    {
      "apiGroups": [
        "authentication.k8s.io",
      ],
      "resources": [
        "tokenreviews",
      ],
      "verbs": [
        "create",
      ],
    },
    {
      "apiGroups": [
        "core.gardener.cloud",
      ],
      "resources": [
        "quotas",
      ],
      "verbs": [
        "list",
        "watch",
      ],
    },
    {
      "apiGroups": [
        "core.gardener.cloud",
      ],
      "resources": [
        "projects",
      ],
      "verbs": [
        "list",
        "watch",
      ],
    },
    {
      "apiGroups": [
        "core.gardener.cloud",
      ],
      "resources": [
        "shoots",
      ],
      "verbs": [
        "list",
        "watch",
      ],
    },
    {
      "apiGroups": [
        "apiregistration.k8s.io",
      ],
      "resources": [
        "apiservices",
      ],
      "verbs": [
        "get",
      ],
    },
    {
      "apiGroups": [
        "core.gardener.cloud",
      ],
      "resources": [
        "controllerregistrations",
      ],
      "verbs": [
        "list",
        "watch",
      ],
    },
    {
      "apiGroups": [
        "",
      ],
      "resourceNames": [
        "cluster-identity",
      ],
      "resources": [
        "configmaps",
      ],
      "verbs": [
        "get",
      ],
    },
    {
      "apiGroups": [
        "",
      ],
      "resources": [
        "resourcequotas",
      ],
      "verbs": [
        "list",
        "watch",
      ],
    },
  ],
}
`;
