// Jest Snapshot v1, https://goo.gl/fbAQLP

exports[`gardener-dashboard clusterrolebinding should render the template with default values 1`] = `
{
  "apiVersion": "rbac.authorization.k8s.io/v1",
  "kind": "ClusterRoleBinding",
  "metadata": {
    "labels": {
      "app.kubernetes.io/component": "dashboard",
      "app.kubernetes.io/instance": "gardener-dashboard",
      "app.kubernetes.io/managed-by": "Helm",
      "app.kubernetes.io/name": "gardener-dashboard",
      "helm.sh/chart": "gardener-dashboard-application-0.1.0",
    },
    "name": "gardener.cloud:system:dashboard",
  },
  "roleRef": {
    "apiGroup": "rbac.authorization.k8s.io",
    "kind": "ClusterRole",
    "name": "gardener.cloud:system:dashboard",
  },
  "subjects": [
    {
      "kind": "ServiceAccount",
      "name": "gardener-dashboard",
      "namespace": "garden",
    },
  ],
}
`;

exports[`gardener-dashboard clusterrolebinding when virtual garden is enabled should render the template 1`] = `
{
  "apiVersion": "rbac.authorization.k8s.io/v1",
  "kind": "ClusterRoleBinding",
  "metadata": {
    "labels": {
      "app.kubernetes.io/component": "dashboard",
      "app.kubernetes.io/instance": "gardener-dashboard",
      "app.kubernetes.io/managed-by": "Helm",
      "app.kubernetes.io/name": "gardener-dashboard",
      "helm.sh/chart": "gardener-dashboard-application-0.1.0",
    },
    "name": "gardener.cloud:system:dashboard",
  },
  "roleRef": {
    "apiGroup": "rbac.authorization.k8s.io",
    "kind": "ClusterRole",
    "name": "gardener.cloud:system:dashboard",
  },
  "subjects": [
    {
      "apiGroup": "rbac.authorization.k8s.io",
      "kind": "User",
      "name": "runtime-cluster:system:serviceaccount:garden:gardener-dashboard",
    },
  ],
}
`;
